AR dff_pc dff_pc_arch "E:/Works/GitHub/Systolic-Processor-On-FPGA/ISE Design Files/DFF_PC/DFF_PC.vhd" sub00/vhpl01 1455808218
EN dff_pc NULL "E:/Works/GitHub/Systolic-Processor-On-FPGA/ISE Design Files/DFF_PC/DFF_PC.vhd" sub00/vhpl00 1455808217
AR pipo4 pipo4_arch "E:/Works/GitHub/Systolic-Processor-On-FPGA/ISE Design Files/PIPO4/PIPO4.vhd" sub00/vhpl03 1455808220
EN pipo4 NULL "E:/Works/GitHub/Systolic-Processor-On-FPGA/ISE Design Files/PIPO4/PIPO4.vhd" sub00/vhpl02 1455808219
