AR ha ha_arch "E:/Works/GitHub/Systolic-Processor-On-FPGA/ISE Design Files/HA/HA.vhd" sub00/vhpl01 1455130067
EN mac8 NULL "E:/Works/GitHub/Systolic-Processor-On-FPGA/ISE Design Files/MAC4/MAC4.vhd" sub00/vhpl08 1455087307
AR mac4 mac4_arch "E:/Works/GitHub/Systolic-Processor-On-FPGA/ISE Design Files/MAC4/MAC4.vhd" sub00/vhpl11 1455130075
EN fa NULL "E:/Works/GitHub/Systolic-Processor-On-FPGA/ISE Design Files/FA/FA.vhd" sub00/vhpl06 1455130072
EN ha NULL "E:/Works/GitHub/Systolic-Processor-On-FPGA/ISE Design Files/HA/HA.vhd" sub00/vhpl00 1455130066
AR mac8 mac8_arch "E:/Works/GitHub/Systolic-Processor-On-FPGA/ISE Design Files/MAC4/MAC4.vhd" sub00/vhpl09 1455087308
EN fam NULL "E:/Works/GitHub/Systolic-Processor-On-FPGA/ISE Design Files/FAM/FAM.vhd" sub00/vhpl04 1455130070
AR fa fa_arch "E:/Works/GitHub/Systolic-Processor-On-FPGA/ISE Design Files/FA/FA.vhd" sub00/vhpl07 1455130073
AR ham ha_arch "E:/Works/GitHub/Systolic-Processor-On-FPGA/ISE Design Files/HAM/HAM.vhd" sub00/vhpl03 1455130069
EN ham NULL "E:/Works/GitHub/Systolic-Processor-On-FPGA/ISE Design Files/HAM/HAM.vhd" sub00/vhpl02 1455130068
AR fam fam_arch "E:/Works/GitHub/Systolic-Processor-On-FPGA/ISE Design Files/FAM/FAM.vhd" sub00/vhpl05 1455130071
EN mac4 NULL "E:/Works/GitHub/Systolic-Processor-On-FPGA/ISE Design Files/MAC4/MAC4.vhd" sub00/vhpl10 1455130074
