V3 19
FL "E:/Works/GitHub/Systolic-Processor-On-FPGA/ISE Design Files/FA/FA.vhd" 2016/02/10.12:18:15 P.20131013
EN work/FA 1455130072 \
      FL "E:/Works/GitHub/Systolic-Processor-On-FPGA/ISE Design Files/FA/FA.vhd" \
      PB ieee/std_logic_1164 1381692176
AR work/FA/FA_arch 1455130073 \
      FL "E:/Works/GitHub/Systolic-Processor-On-FPGA/ISE Design Files/FA/FA.vhd" \
      EN work/FA 1455130072 CP HA
FL "E:/Works/GitHub/Systolic-Processor-On-FPGA/ISE Design Files/FAM/FAM.vhd" 2016/02/10.12:23:17 P.20131013
EN work/FAM 1455130070 \
      FL "E:/Works/GitHub/Systolic-Processor-On-FPGA/ISE Design Files/FAM/FAM.vhd" \
      PB ieee/std_logic_1164 1381692176
AR work/FAM/FAM_arch 1455130071 \
      FL "E:/Works/GitHub/Systolic-Processor-On-FPGA/ISE Design Files/FAM/FAM.vhd" \
      EN work/FAM 1455130070 CP HA
FL "E:/Works/GitHub/Systolic-Processor-On-FPGA/ISE Design Files/HA/HA.vhd" 2016/02/10.12:16:22 P.20131013
EN work/HA 1455130066 \
      FL "E:/Works/GitHub/Systolic-Processor-On-FPGA/ISE Design Files/HA/HA.vhd" \
      PB ieee/std_logic_1164 1381692176
AR work/HA/HA_arch 1455130067 \
      FL "E:/Works/GitHub/Systolic-Processor-On-FPGA/ISE Design Files/HA/HA.vhd" \
      EN work/HA 1455130066
FL "E:/Works/GitHub/Systolic-Processor-On-FPGA/ISE Design Files/HAM/HAM.vhd" 2016/02/10.12:21:55 P.20131013
EN work/HAM 1455130068 \
      FL "E:/Works/GitHub/Systolic-Processor-On-FPGA/ISE Design Files/HAM/HAM.vhd" \
      PB ieee/std_logic_1164 1381692176
AR work/HAM/HA_arch 1455130069 \
      FL "E:/Works/GitHub/Systolic-Processor-On-FPGA/ISE Design Files/HAM/HAM.vhd" \
      EN work/HAM 1455130068 CP HA
FL "E:/Works/GitHub/Systolic-Processor-On-FPGA/ISE Design Files/MAC4/MAC4.vhd" 2016/02/11.00:11:33 P.20131013
EN work/MAC4 1455130074 \
      FL "E:/Works/GitHub/Systolic-Processor-On-FPGA/ISE Design Files/MAC4/MAC4.vhd" \
      PB ieee/std_logic_1164 1381692176
AR work/MAC4/MAC4_arch 1455130075 \
      FL "E:/Works/GitHub/Systolic-Processor-On-FPGA/ISE Design Files/MAC4/MAC4.vhd" \
      EN work/MAC4 1455130074 CP HAM CP FAM CP HA CP FA
