V3 4
FL "E:/Works/GitHub/Systolic-Processor-On-FPGA/ISE Design Files/HA/HA.vhd" 2016/02/09.15:07:59 P.20131013
AR work/HA/Behavioral -1 \
      FL "E:/Works/GitHub/Systolic-Processor-On-FPGA/ISE Design Files/HA/HA.vhd" \
      EN work/HA 1455011186
EN work/HA 1455011186 \
      FL "E:/Works/GitHub/Systolic-Processor-On-FPGA/ISE Design Files/HA/HA.vhd" \
      PB ieee/std_logic_1164 1381692176
AR work/HA/HA_arch 1455011187 \
      FL "E:/Works/GitHub/Systolic-Processor-On-FPGA/ISE Design Files/HA/HA.vhd" \
      EN work/HA 1455011186
