AR ha ha_arch "E:/Works/GitHub/Systolic-Processor-On-FPGA/ISE Design Files/HA/HA.vhd" sub00/vhpl03 1456053600
AR dff_pc dff_pc_arch "E:/Works/GitHub/Systolic-Processor-On-FPGA/ISE Design Files/DFF_PC/DFF_PC.vhd" sub00/vhpl05 1456053602
AR mac4 mac4_arch "E:/Works/GitHub/Systolic-Processor-On-FPGA/ISE Design Files/MAC4/MAC4.vhd" sub00/vhpl15 1456053612
EN fa NULL "E:/Works/GitHub/Systolic-Processor-On-FPGA/ISE Design Files/FA/FA.vhd" sub00/vhpl06 1456053603
EN fa10 NULL "E:/Works/GitHub/Systolic-Processor-On-FPGA/ISE Design Files/FA10/FA10.vhd" sub00/vhpl16 1456053613
AR dpu_matrix_multiplication dpu_matrix_multiplication_arch "E:/Works/GitHub/Systolic-Processor-On-FPGA/ISE Design Files/DPU_matrix_multiplication/DPU_matrix_multiplication.vhd" sub00/vhpl01 1456053618
EN ha NULL "E:/Works/GitHub/Systolic-Processor-On-FPGA/ISE Design Files/HA/HA.vhd" sub00/vhpl02 1456053599
EN dff_pc NULL "E:/Works/GitHub/Systolic-Processor-On-FPGA/ISE Design Files/DFF_PC/DFF_PC.vhd" sub00/vhpl04 1456053601
EN fam NULL "E:/Works/GitHub/Systolic-Processor-On-FPGA/ISE Design Files/FAM/FAM.vhd" sub00/vhpl10 1456053607
AR pipo4 pipo4_arch "E:/Works/GitHub/Systolic-Processor-On-FPGA/ISE Design Files/PIPO4/PIPO4.vhd" sub00/vhpl13 1456053610
EN pipo4 NULL "E:/Works/GitHub/Systolic-Processor-On-FPGA/ISE Design Files/PIPO4/PIPO4.vhd" sub00/vhpl12 1456053609
AR fa10 fa10_arch "E:/Works/GitHub/Systolic-Processor-On-FPGA/ISE Design Files/FA10/FA10.vhd" sub00/vhpl17 1456053614
EN dpu_matrix_multiplication NULL "E:/Works/GitHub/Systolic-Processor-On-FPGA/ISE Design Files/DPU_matrix_multiplication/DPU_matrix_multiplication.vhd" sub00/vhpl00 1456053617
AR fa fa_arch "E:/Works/GitHub/Systolic-Processor-On-FPGA/ISE Design Files/FA/FA.vhd" sub00/vhpl07 1456053604
AR ham ha_arch "E:/Works/GitHub/Systolic-Processor-On-FPGA/ISE Design Files/HAM/HAM.vhd" sub00/vhpl09 1456053606
EN ham NULL "E:/Works/GitHub/Systolic-Processor-On-FPGA/ISE Design Files/HAM/HAM.vhd" sub00/vhpl08 1456053605
AR pipo10 pipo10_arch "E:/Works/GitHub/Systolic-Processor-On-FPGA/ISE Design Files/PIPO10/PIPO10.vhd" sub00/vhpl19 1456053616
AR fam fam_arch "E:/Works/GitHub/Systolic-Processor-On-FPGA/ISE Design Files/FAM/FAM.vhd" sub00/vhpl11 1456053608
EN pipo10 NULL "E:/Works/GitHub/Systolic-Processor-On-FPGA/ISE Design Files/PIPO10/PIPO10.vhd" sub00/vhpl18 1456053615
EN mac4 NULL "E:/Works/GitHub/Systolic-Processor-On-FPGA/ISE Design Files/MAC4/MAC4.vhd" sub00/vhpl14 1456053611
