V3 39
FL "E:/Works/GitHub/Systolic-Processor-On-FPGA/ISE Design Files/DFF_PC/DFF_PC.vhd" 2016/02/21.18:04:30 P.20131013
EN work/DFF_PC 1456079423 \
      FL "E:/Works/GitHub/Systolic-Processor-On-FPGA/ISE Design Files/DFF_PC/DFF_PC.vhd" \
      PB ieee/std_logic_1164 1381692176
AR work/DFF_PC/DFF_PC_arch 1456079424 \
      FL "E:/Works/GitHub/Systolic-Processor-On-FPGA/ISE Design Files/DFF_PC/DFF_PC.vhd" \
      EN work/DFF_PC 1456079423
FL "E:/Works/GitHub/Systolic-Processor-On-FPGA/ISE Design Files/DPU_matrix_multiplication/DPU_matrix_multiplication.vhd" 2016/02/21.18:04:30 P.20131013
EN work/DPU_matrix_multiplication 1456079439 \
      FL "E:/Works/GitHub/Systolic-Processor-On-FPGA/ISE Design Files/DPU_matrix_multiplication/DPU_matrix_multiplication.vhd" \
      PB ieee/std_logic_1164 1381692176
AR work/DPU_matrix_multiplication/DPU_matrix_multiplication_arch 1456079440 \
      FL "E:/Works/GitHub/Systolic-Processor-On-FPGA/ISE Design Files/DPU_matrix_multiplication/DPU_matrix_multiplication.vhd" \
      EN work/DPU_matrix_multiplication 1456079439 CP PIPO4 CP MAC4 CP FA10 \
      CP PIPO10
FL "E:/Works/GitHub/Systolic-Processor-On-FPGA/ISE Design Files/FA/FA.vhd" 2016/02/21.18:04:30 P.20131013
EN work/FA 1456079425 \
      FL "E:/Works/GitHub/Systolic-Processor-On-FPGA/ISE Design Files/FA/FA.vhd" \
      PB ieee/std_logic_1164 1381692176
AR work/FA/FA_arch 1456079426 \
      FL "E:/Works/GitHub/Systolic-Processor-On-FPGA/ISE Design Files/FA/FA.vhd" \
      EN work/FA 1456079425 CP HA
FL "E:/Works/GitHub/Systolic-Processor-On-FPGA/ISE Design Files/FA10/FA10.vhd" 2016/02/21.18:04:31 P.20131013
EN work/FA10 1456079435 \
      FL "E:/Works/GitHub/Systolic-Processor-On-FPGA/ISE Design Files/FA10/FA10.vhd" \
      PB ieee/std_logic_1164 1381692176
AR work/FA10/FA10_arch 1456079436 \
      FL "E:/Works/GitHub/Systolic-Processor-On-FPGA/ISE Design Files/FA10/FA10.vhd" \
      EN work/FA10 1456079435 CP HA CP FA
FL "E:/Works/GitHub/Systolic-Processor-On-FPGA/ISE Design Files/FAM/FAM.vhd" 2016/02/21.18:04:31 P.20131013
EN work/FAM 1456079429 \
      FL "E:/Works/GitHub/Systolic-Processor-On-FPGA/ISE Design Files/FAM/FAM.vhd" \
      PB ieee/std_logic_1164 1381692176
AR work/FAM/FAM_arch 1456079430 \
      FL "E:/Works/GitHub/Systolic-Processor-On-FPGA/ISE Design Files/FAM/FAM.vhd" \
      EN work/FAM 1456079429 CP HA
FL "E:/Works/GitHub/Systolic-Processor-On-FPGA/ISE Design Files/HA/HA.vhd" 2016/02/21.18:04:32 P.20131013
EN work/HA 1456079421 \
      FL "E:/Works/GitHub/Systolic-Processor-On-FPGA/ISE Design Files/HA/HA.vhd" \
      PB ieee/std_logic_1164 1381692176
AR work/HA/HA_arch 1456079422 \
      FL "E:/Works/GitHub/Systolic-Processor-On-FPGA/ISE Design Files/HA/HA.vhd" \
      EN work/HA 1456079421
FL "E:/Works/GitHub/Systolic-Processor-On-FPGA/ISE Design Files/HAM/HAM.vhd" 2016/02/21.18:04:32 P.20131013
EN work/HAM 1456079427 \
      FL "E:/Works/GitHub/Systolic-Processor-On-FPGA/ISE Design Files/HAM/HAM.vhd" \
      PB ieee/std_logic_1164 1381692176
AR work/HAM/HA_arch 1456079428 \
      FL "E:/Works/GitHub/Systolic-Processor-On-FPGA/ISE Design Files/HAM/HAM.vhd" \
      EN work/HAM 1456079427 CP HA
FL "E:/Works/GitHub/Systolic-Processor-On-FPGA/ISE Design Files/MAC4/MAC4.vhd" 2016/02/21.18:04:33 P.20131013
EN work/MAC4 1456079433 \
      FL "E:/Works/GitHub/Systolic-Processor-On-FPGA/ISE Design Files/MAC4/MAC4.vhd" \
      PB ieee/std_logic_1164 1381692176
AR work/MAC4/MAC4_arch 1456079434 \
      FL "E:/Works/GitHub/Systolic-Processor-On-FPGA/ISE Design Files/MAC4/MAC4.vhd" \
      EN work/MAC4 1456079433 CP HAM CP FAM CP HA CP FA
FL "E:/Works/GitHub/Systolic-Processor-On-FPGA/ISE Design Files/PIPO10/PIPO10.vhd" 2016/02/21.18:04:33 P.20131013
EN work/PIPO10 1456079437 \
      FL "E:/Works/GitHub/Systolic-Processor-On-FPGA/ISE Design Files/PIPO10/PIPO10.vhd" \
      PB ieee/std_logic_1164 1381692176
AR work/PIPO10/PIPO10_arch 1456079438 \
      FL "E:/Works/GitHub/Systolic-Processor-On-FPGA/ISE Design Files/PIPO10/PIPO10.vhd" \
      EN work/PIPO10 1456079437 CP DFF_PC
FL "E:/Works/GitHub/Systolic-Processor-On-FPGA/ISE Design Files/PIPO4/PIPO4.vhd" 2016/02/21.18:04:34 P.20131013
EN work/PIPO4 1456079431 \
      FL "E:/Works/GitHub/Systolic-Processor-On-FPGA/ISE Design Files/PIPO4/PIPO4.vhd" \
      PB ieee/std_logic_1164 1381692176
AR work/PIPO4/PIPO4_arch 1456079432 \
      FL "E:/Works/GitHub/Systolic-Processor-On-FPGA/ISE Design Files/PIPO4/PIPO4.vhd" \
      EN work/PIPO4 1456079431 CP DFF_PC
