V3 39
FL "E:/Works/GitHub/Systolic-Processor-On-FPGA/ISE Design Files/DFF_PC/DFF_PC.vhd" 2016/02/19.00:20:28 P.20131013
EN work/DFF_PC 1455823613 \
      FL "E:/Works/GitHub/Systolic-Processor-On-FPGA/ISE Design Files/DFF_PC/DFF_PC.vhd" \
      PB ieee/std_logic_1164 1381692176
AR work/DFF_PC/DFF_PC_arch 1455823614 \
      FL "E:/Works/GitHub/Systolic-Processor-On-FPGA/ISE Design Files/DFF_PC/DFF_PC.vhd" \
      EN work/DFF_PC 1455823613
FL "E:/Works/GitHub/Systolic-Processor-On-FPGA/ISE Design Files/DPU_matrix_multiplication/DPU_matrix_multiplication.vhd" 2016/02/19.00:56:46 P.20131013
EN work/DPU_matrix_multiplication 1455823629 \
      FL "E:/Works/GitHub/Systolic-Processor-On-FPGA/ISE Design Files/DPU_matrix_multiplication/DPU_matrix_multiplication.vhd" \
      PB ieee/std_logic_1164 1381692176
AR work/DPU_matrix_multiplication/DPU_matrix_multiplication_arch 1455823630 \
      FL "E:/Works/GitHub/Systolic-Processor-On-FPGA/ISE Design Files/DPU_matrix_multiplication/DPU_matrix_multiplication.vhd" \
      EN work/DPU_matrix_multiplication 1455823629 CP PIPO4 CP MAC4 CP FA10 \
      CP PIPO10
FL "E:/Works/GitHub/Systolic-Processor-On-FPGA/ISE Design Files/FA/FA.vhd" 2016/02/16.15:28:36 P.20131013
EN work/FA 1455823615 \
      FL "E:/Works/GitHub/Systolic-Processor-On-FPGA/ISE Design Files/FA/FA.vhd" \
      PB ieee/std_logic_1164 1381692176
AR work/FA/FA_arch 1455823616 \
      FL "E:/Works/GitHub/Systolic-Processor-On-FPGA/ISE Design Files/FA/FA.vhd" \
      EN work/FA 1455823615 CP HA
FL "E:/Works/GitHub/Systolic-Processor-On-FPGA/ISE Design Files/FA10/FA10.vhd" 2016/02/14.11:53:20 P.20131013
EN work/FA10 1455823625 \
      FL "E:/Works/GitHub/Systolic-Processor-On-FPGA/ISE Design Files/FA10/FA10.vhd" \
      PB ieee/std_logic_1164 1381692176
AR work/FA10/FA10_arch 1455823626 \
      FL "E:/Works/GitHub/Systolic-Processor-On-FPGA/ISE Design Files/FA10/FA10.vhd" \
      EN work/FA10 1455823625 CP HA CP FA
FL "E:/Works/GitHub/Systolic-Processor-On-FPGA/ISE Design Files/FAM/FAM.vhd" 2016/02/10.12:23:17 P.20131013
EN work/FAM 1455823619 \
      FL "E:/Works/GitHub/Systolic-Processor-On-FPGA/ISE Design Files/FAM/FAM.vhd" \
      PB ieee/std_logic_1164 1381692176
AR work/FAM/FAM_arch 1455823620 \
      FL "E:/Works/GitHub/Systolic-Processor-On-FPGA/ISE Design Files/FAM/FAM.vhd" \
      EN work/FAM 1455823619 CP HA
FL "E:/Works/GitHub/Systolic-Processor-On-FPGA/ISE Design Files/HA/HA.vhd" 2016/02/10.12:16:22 P.20131013
EN work/HA 1455823611 \
      FL "E:/Works/GitHub/Systolic-Processor-On-FPGA/ISE Design Files/HA/HA.vhd" \
      PB ieee/std_logic_1164 1381692176
AR work/HA/HA_arch 1455823612 \
      FL "E:/Works/GitHub/Systolic-Processor-On-FPGA/ISE Design Files/HA/HA.vhd" \
      EN work/HA 1455823611
FL "E:/Works/GitHub/Systolic-Processor-On-FPGA/ISE Design Files/HAM/HAM.vhd" 2016/02/10.12:21:55 P.20131013
EN work/HAM 1455823617 \
      FL "E:/Works/GitHub/Systolic-Processor-On-FPGA/ISE Design Files/HAM/HAM.vhd" \
      PB ieee/std_logic_1164 1381692176
AR work/HAM/HA_arch 1455823618 \
      FL "E:/Works/GitHub/Systolic-Processor-On-FPGA/ISE Design Files/HAM/HAM.vhd" \
      EN work/HAM 1455823617 CP HA
FL "E:/Works/GitHub/Systolic-Processor-On-FPGA/ISE Design Files/MAC4/MAC4.vhd" 2016/02/11.00:11:33 P.20131013
EN work/MAC4 1455823623 \
      FL "E:/Works/GitHub/Systolic-Processor-On-FPGA/ISE Design Files/MAC4/MAC4.vhd" \
      PB ieee/std_logic_1164 1381692176
AR work/MAC4/MAC4_arch 1455823624 \
      FL "E:/Works/GitHub/Systolic-Processor-On-FPGA/ISE Design Files/MAC4/MAC4.vhd" \
      EN work/MAC4 1455823623 CP HAM CP FAM CP HA CP FA
FL "E:/Works/GitHub/Systolic-Processor-On-FPGA/ISE Design Files/PIPO10/PIPO10.vhd" 2016/02/17.14:23:57 P.20131013
EN work/PIPO10 1455823627 \
      FL "E:/Works/GitHub/Systolic-Processor-On-FPGA/ISE Design Files/PIPO10/PIPO10.vhd" \
      PB ieee/std_logic_1164 1381692176
AR work/PIPO10/PIPO10_arch 1455823628 \
      FL "E:/Works/GitHub/Systolic-Processor-On-FPGA/ISE Design Files/PIPO10/PIPO10.vhd" \
      EN work/PIPO10 1455823627 CP DFF_PC
FL "E:/Works/GitHub/Systolic-Processor-On-FPGA/ISE Design Files/PIPO4/PIPO4.vhd" 2016/02/17.15:01:05 P.20131013
EN work/PIPO4 1455823621 \
      FL "E:/Works/GitHub/Systolic-Processor-On-FPGA/ISE Design Files/PIPO4/PIPO4.vhd" \
      PB ieee/std_logic_1164 1381692176
AR work/PIPO4/PIPO4_arch 1455823622 \
      FL "E:/Works/GitHub/Systolic-Processor-On-FPGA/ISE Design Files/PIPO4/PIPO4.vhd" \
      EN work/PIPO4 1455823621 CP DFF_PC
