V3 43
FL "E:/Works/GitHub/Systolic-Processor-On-FPGA/ISE Design Files/DFF_PC/DFF_PC.vhd" 2016/02/19.00:20:28 P.20131013
EN work/DFF_PC 1455823878 \
      FL "E:/Works/GitHub/Systolic-Processor-On-FPGA/ISE Design Files/DFF_PC/DFF_PC.vhd" \
      PB ieee/std_logic_1164 1381692176
AR work/DFF_PC/DFF_PC_arch 1455823879 \
      FL "E:/Works/GitHub/Systolic-Processor-On-FPGA/ISE Design Files/DFF_PC/DFF_PC.vhd" \
      EN work/DFF_PC 1455823878
FL "E:/Works/GitHub/Systolic-Processor-On-FPGA/ISE Design Files/DPU_array_matrix_multiplication_3/DPU_array_matrix_multiplication_3.vhd" 2016/02/21.18:04:30 P.20131013
EN work/DPU_array_matrix_multiplication_3 1456079071 \
      FL "E:/Works/GitHub/Systolic-Processor-On-FPGA/ISE Design Files/DPU_array_matrix_multiplication_3/DPU_array_matrix_multiplication_3.vhd" \
      PB ieee/std_logic_1164 1381692176
AR work/DPU_array_matrix_multiplication_3/DPU_array_matrix_multiplication_3_arch 1456079072 \
      FL "E:/Works/GitHub/Systolic-Processor-On-FPGA/ISE Design Files/DPU_array_matrix_multiplication_3/DPU_array_matrix_multiplication_3.vhd" \
      EN work/DPU_array_matrix_multiplication_3 1456079071 \
      CP DPU_matrix_multiplication
FL "E:/Works/GitHub/Systolic-Processor-On-FPGA/ISE Design Files/DPU_matrix_multiplication/DPU_matrix_multiplication.vhd" 2016/02/21.18:04:30 P.20131013
EN work/DPU_matrix_multiplication 1456079069 \
      FL "E:/Works/GitHub/Systolic-Processor-On-FPGA/ISE Design Files/DPU_matrix_multiplication/DPU_matrix_multiplication.vhd" \
      PB ieee/std_logic_1164 1381692176
AR work/DPU_matrix_multiplication/DPU_matrix_multiplication_arch 1456079070 \
      FL "E:/Works/GitHub/Systolic-Processor-On-FPGA/ISE Design Files/DPU_matrix_multiplication/DPU_matrix_multiplication.vhd" \
      EN work/DPU_matrix_multiplication 1456079069 CP PIPO4 CP MAC4 CP FA10 \
      CP PIPO10
FL "E:/Works/GitHub/Systolic-Processor-On-FPGA/ISE Design Files/FA/FA.vhd" 2016/02/21.18:04:30 P.20131013
EN work/FA 1456079055 \
      FL "E:/Works/GitHub/Systolic-Processor-On-FPGA/ISE Design Files/FA/FA.vhd" \
      PB ieee/std_logic_1164 1381692176
AR work/FA/FA_arch 1456079056 \
      FL "E:/Works/GitHub/Systolic-Processor-On-FPGA/ISE Design Files/FA/FA.vhd" \
      EN work/FA 1456079055 CP HA
FL "E:/Works/GitHub/Systolic-Processor-On-FPGA/ISE Design Files/FA10/FA10.vhd" 2016/02/21.18:04:31 P.20131013
EN work/FA10 1456079065 \
      FL "E:/Works/GitHub/Systolic-Processor-On-FPGA/ISE Design Files/FA10/FA10.vhd" \
      PB ieee/std_logic_1164 1381692176
AR work/FA10/FA10_arch 1456079066 \
      FL "E:/Works/GitHub/Systolic-Processor-On-FPGA/ISE Design Files/FA10/FA10.vhd" \
      EN work/FA10 1456079065 CP HA CP FA
FL "E:/Works/GitHub/Systolic-Processor-On-FPGA/ISE Design Files/FAM/FAM.vhd" 2016/02/21.18:04:31 P.20131013
EN work/FAM 1456079059 \
      FL "E:/Works/GitHub/Systolic-Processor-On-FPGA/ISE Design Files/FAM/FAM.vhd" \
      PB ieee/std_logic_1164 1381692176
AR work/FAM/FAM_arch 1456079060 \
      FL "E:/Works/GitHub/Systolic-Processor-On-FPGA/ISE Design Files/FAM/FAM.vhd" \
      EN work/FAM 1456079059 CP HA
FL "E:/Works/GitHub/Systolic-Processor-On-FPGA/ISE Design Files/HA/HA.vhd" 2016/02/21.18:04:32 P.20131013
EN work/HA 1456079053 \
      FL "E:/Works/GitHub/Systolic-Processor-On-FPGA/ISE Design Files/HA/HA.vhd" \
      PB ieee/std_logic_1164 1381692176
AR work/HA/HA_arch 1456079054 \
      FL "E:/Works/GitHub/Systolic-Processor-On-FPGA/ISE Design Files/HA/HA.vhd" \
      EN work/HA 1456079053
FL "E:/Works/GitHub/Systolic-Processor-On-FPGA/ISE Design Files/HAM/HAM.vhd" 2016/02/21.18:04:32 P.20131013
EN work/HAM 1456079057 \
      FL "E:/Works/GitHub/Systolic-Processor-On-FPGA/ISE Design Files/HAM/HAM.vhd" \
      PB ieee/std_logic_1164 1381692176
AR work/HAM/HA_arch 1456079058 \
      FL "E:/Works/GitHub/Systolic-Processor-On-FPGA/ISE Design Files/HAM/HAM.vhd" \
      EN work/HAM 1456079057 CP HA
FL "E:/Works/GitHub/Systolic-Processor-On-FPGA/ISE Design Files/MAC4/MAC4.vhd" 2016/02/21.18:04:33 P.20131013
EN work/MAC4 1456079063 \
      FL "E:/Works/GitHub/Systolic-Processor-On-FPGA/ISE Design Files/MAC4/MAC4.vhd" \
      PB ieee/std_logic_1164 1381692176
AR work/MAC4/MAC4_arch 1456079064 \
      FL "E:/Works/GitHub/Systolic-Processor-On-FPGA/ISE Design Files/MAC4/MAC4.vhd" \
      EN work/MAC4 1456079063 CP HAM CP FAM CP HA CP FA
FL "E:/Works/GitHub/Systolic-Processor-On-FPGA/ISE Design Files/PIPO10/PIPO10.vhd" 2016/02/21.18:04:33 P.20131013
EN work/PIPO10 1456079067 \
      FL "E:/Works/GitHub/Systolic-Processor-On-FPGA/ISE Design Files/PIPO10/PIPO10.vhd" \
      PB ieee/std_logic_1164 1381692176
AR work/PIPO10/PIPO10_arch 1456079068 \
      FL "E:/Works/GitHub/Systolic-Processor-On-FPGA/ISE Design Files/PIPO10/PIPO10.vhd" \
      EN work/PIPO10 1456079067 CP DFF_PC
FL "E:/Works/GitHub/Systolic-Processor-On-FPGA/ISE Design Files/PIPO4/PIPO4.vhd" 2016/02/21.18:04:34 P.20131013
EN work/PIPO4 1456079061 \
      FL "E:/Works/GitHub/Systolic-Processor-On-FPGA/ISE Design Files/PIPO4/PIPO4.vhd" \
      PB ieee/std_logic_1164 1381692176
AR work/PIPO4/PIPO4_arch 1456079062 \
      FL "E:/Works/GitHub/Systolic-Processor-On-FPGA/ISE Design Files/PIPO4/PIPO4.vhd" \
      EN work/PIPO4 1456079061 CP DFF_PC
