EN systolic_array_matrix_multiplication NULL "E:/Works/GitHub/Systolic-Processor-On-FPGA/ISE Design Files/Systolic_Array_Matrix_Multiplication/Systolic_Array_Matrix_Multiplication.vhd" sub00/vhpl00 1457000910
AR systolic_array_matrix_multiplication systolic_array_matrix_multiplication_arch "E:/Works/GitHub/Systolic-Processor-On-FPGA/ISE Design Files/Systolic_Array_Matrix_Multiplication/Systolic_Array_Matrix_Multiplication.vhd" sub00/vhpl01 1457000911
