AR ha ha_arch "E:/Works/GitHub/Systolic-Processor-On-FPGA/ISE Design Files/HA/HA.vhd" sub00/vhpl01 1455215875
EN fa NULL "E:/Works/GitHub/Systolic-Processor-On-FPGA/ISE Design Files/FA/FA.vhd" sub00/vhpl02 1455215876
EN fa10 NULL "E:/Works/GitHub/Systolic-Processor-On-FPGA/ISE Design Files/FA10/FA10.vhd" sub00/vhpl04 1455215878
EN ha NULL "E:/Works/GitHub/Systolic-Processor-On-FPGA/ISE Design Files/HA/HA.vhd" sub00/vhpl00 1455215874
AR fa10 fa10_arch "E:/Works/GitHub/Systolic-Processor-On-FPGA/ISE Design Files/FA10/FA10.vhd" sub00/vhpl05 1455215879
AR fa fa_arch "E:/Works/GitHub/Systolic-Processor-On-FPGA/ISE Design Files/FA/FA.vhd" sub00/vhpl03 1455215877
