AR dff_pc dff_pc_arch "E:/Works/GitHub/Systolic-Processor-On-FPGA/ISE Design Files/DFF_PC/DFF_PC.vhd" sub00/vhpl01 1455639834
EN dff_pc NULL "E:/Works/GitHub/Systolic-Processor-On-FPGA/ISE Design Files/DFF_PC/DFF_PC.vhd" sub00/vhpl00 1455639833
AR pipo10 pipo10_arch "E:/Works/GitHub/Systolic-Processor-On-FPGA/ISE Design Files/PIPO10/PIPO10.vhd" sub00/vhpl03 1455639836
EN pipo10 NULL "E:/Works/GitHub/Systolic-Processor-On-FPGA/ISE Design Files/PIPO10/PIPO10.vhd" sub00/vhpl02 1455639835
